------------------------------------------------------------
Timing Analyzer Summary
------------------------------------------------------------

Type  : Slow 1100mV 85C Model Setup 'clk'
Slack : -1.260
TNS   : -6.841

Type  : Slow 1100mV 85C Model Hold 'clk'
Slack : 0.294
TNS   : 0.000

Type  : Slow 1100mV 85C Model Minimum Pulse Width 'clk'
Slack : -0.394
TNS   : -7.250

Type  : Slow 1100mV 0C Model Setup 'clk'
Slack : -1.339
TNS   : -7.352

Type  : Slow 1100mV 0C Model Hold 'clk'
Slack : 0.277
TNS   : 0.000

Type  : Slow 1100mV 0C Model Minimum Pulse Width 'clk'
Slack : -0.394
TNS   : -7.812

Type  : Fast 1100mV 85C Model Setup 'clk'
Slack : -0.215
TNS   : -0.814

Type  : Fast 1100mV 85C Model Hold 'clk'
Slack : 0.168
TNS   : 0.000

Type  : Fast 1100mV 85C Model Minimum Pulse Width 'clk'
Slack : -0.091
TNS   : -1.255

Type  : Fast 1100mV 0C Model Setup 'clk'
Slack : -0.171
TNS   : -0.558

Type  : Fast 1100mV 0C Model Hold 'clk'
Slack : 0.155
TNS   : 0.000

Type  : Fast 1100mV 0C Model Minimum Pulse Width 'clk'
Slack : -0.088
TNS   : -1.220

------------------------------------------------------------
